// Jest Snapshot v1, https://goo.gl/fbAQLP

exports[`renders correctly 1`] = `
<form
  name="testForm"
>
  <div
    className="columns"
  >
    <div
      className="column"
    >
      <div
        className="field is-horizontal"
      >
        <div
          className="field-label"
        >
          <label
            className="label"
          >
            label
          </label>
        </div>
        <div
          className="field-body"
        >
          <div
            className="field"
          >
            <div
              className="control"
            >
              <input
                className="input undefined"
                name="input1"
                onChange={[Function]}
                placeholder="placeholder..."
                type="text"
                value="input1 text"
              />
            </div>
          </div>
        </div>
      </div>
    </div>
    <div
      className="column"
    >
      <div
        className="field is-horizontal"
      >
        <div
          className="field-label"
        >
          <label
            className="label"
          >
            label
          </label>
        </div>
        <div
          className="field-body"
        >
          <div
            className="field"
          >
            <div
              className="control"
            >
              <input
                className="input undefined"
                name="input2"
                onChange={[Function]}
                placeholder="placeholder"
                type="text"
                value="input2 text"
              />
            </div>
          </div>
        </div>
      </div>
    </div>
  </div>
  <div
    className="columns"
  >
    <div
      className="column"
    >
      <div
        className="field is-horizontal"
      >
        <div
          className="field-label"
        >
          <label
            className="label"
          >
            label
          </label>
        </div>
        <div
          className="field-body"
        >
          <div
            className="field"
          >
            <div
              className="control"
            >
              <label
                className="checkbox"
              >
                <input
                  className={undefined}
                  name="checkbox1"
                  onChange={[Function]}
                  type="checkbox"
                  value={true}
                />
                check for..
              </label>
            </div>
          </div>
        </div>
      </div>
    </div>
    <div
      className="column"
    >
      <div
        className="field is-horizontal"
      >
        <div
          className="field-label"
        >
          <label
            className="label"
          >
            label
          </label>
        </div>
        <div
          className="field-body"
        >
          <div
            className="field"
          >
            <div
              className="control"
            >
              <div
                className="select is-fullwidth"
              >
                <select
                  className={undefined}
                  name="select1"
                  onChange={[Function]}
                  value="sel2"
                >
                  <option
                    value="sel1"
                  >
                    sel1
                  </option>
                  <option
                    value="sel2"
                  >
                    sel2
                  </option>
                </select>
              </div>
            </div>
          </div>
        </div>
      </div>
    </div>
  </div>
  <div
    className="columns"
  >
    <div
      className="column"
    >
      <div
        className="field is-horizontal"
      >
        <div
          className="field-label"
        >
          <label
            className="label"
          >
            label
          </label>
        </div>
        <div
          className="field-body"
        >
          <div
            className="field"
          >
            <div
              className="control"
            >
              <textarea
                className="textarea undefined"
                name="textarea1"
                onChange={[Function]}
                placeholder="placeholder.."
                type="text"
                value="textarea1 text"
              />
            </div>
          </div>
        </div>
      </div>
    </div>
  </div>
  <div
    className="columns"
  >
    <div
      className="column"
    >
      <div
        className="field is-horizontal"
      >
        <div
          className="field-label"
        >
          <label
            className="label"
          >
            label
          </label>
        </div>
        <div
          className="field-body"
        >
          <div
            className="field"
          >
            <div
              className="control"
            >
              <label
                className="radio"
              >
                <input
                  className={undefined}
                  name="radio1"
                  onChange={[Function]}
                  type="radio"
                  value={true}
                />
                radio-1
              </label>
              <label
                className="radio"
              >
                <input
                  className={undefined}
                  name="radio1"
                  onChange={[Function]}
                  type="radio"
                  value={undefined}
                />
                radio-2
              </label>
            </div>
          </div>
        </div>
      </div>
    </div>
    <div
      className="column"
    >
      <div
        className="field is-horizontal"
      >
        <div
          className="field-label"
        >
          <label
            className="label"
          >
            label
          </label>
        </div>
        <div
          className="field-body"
        >
          <div
            className="field"
          >
            <div
              className="control"
            >
              <label
                className="radio"
              >
                <input
                  className={undefined}
                  name="radio2"
                  onChange={[Function]}
                  type="radio"
                  value={true}
                />
                radio-3
              </label>
              <label
                className="radio"
              >
                <input
                  className={undefined}
                  name="radio2"
                  onChange={[Function]}
                  type="radio"
                  value={undefined}
                />
                radio-4
              </label>
            </div>
          </div>
        </div>
      </div>
    </div>
  </div>
</form>
`;
