// Jest Snapshot v1, https://goo.gl/fbAQLP

exports[`renders correctly 1`] = `
<form
  name="testForm"
>
  <div
    className="columns"
  >
    <div
      className="column"
    >
      <div
        className="field is-horizontal"
      >
        <div>
          <div
            className="field-label"
          >
            <label
              className="label"
            >
              a1 label
            </label>
          </div>
          <div
            className="field-body"
          >
            <div
              className="field"
            >
              <div
                className="control"
              >
                <input
                  className="input a1-css"
                  name="a1"
                  onChange={[Function]}
                  placeholder="a1 placeholder"
                  type="text"
                  value="hell world1"
                />
              </div>
            </div>
          </div>
        </div>
      </div>
    </div>
    <div
      className="column"
    >
      <div
        className="field is-horizontal"
      >
        <div>
          <div
            className="field-label"
          >
            <label
              className="label"
            >
              a2 label
            </label>
          </div>
          <div
            className="field-body"
          >
            <div
              className="field"
            >
              <div
                className="control"
              >
                <input
                  className="input a2-css"
                  name="a2"
                  onChange={[Function]}
                  placeholder="a2 placeholder"
                  type="text"
                  value="hell world2"
                />
              </div>
            </div>
          </div>
        </div>
      </div>
    </div>
  </div>
  <div
    className="columns"
  >
    <div
      className="column"
    >
      <div
        className="field is-horizontal"
      >
        <div>
          <div
            className="field-label"
          >
            <label
              className="label"
            >
              b1 label
            </label>
          </div>
          ,
          <div
            className="field-body"
          >
            <div
              className="field"
            >
              <div
                className="control"
              >
                <label
                  className="checkbox"
                >
                  <input
                    className="b1-css"
                    name="b1"
                    onChange={[Function]}
                    type="checkbox"
                    value={true}
                  />
                  checkbox for ...
                </label>
              </div>
            </div>
          </div>
        </div>
      </div>
    </div>
    <div
      className="column"
    >
      <div
        className="field is-horizontal"
      >
        <div>
          <div
            className="field-label"
          >
            <label
              className="label"
            >
              b2 label
            </label>
          </div>
          ,
          <div
            className="field-body"
          >
            <div
              className="field"
            >
              <div
                className="control"
              >
                <div
                  className="select is-fullwidth"
                >
                  <select
                    className={undefined}
                    name="b2"
                    onChange={[Function]}
                    value="bbb"
                  >
                    <option
                      value="aaa"
                    >
                      aaa
                    </option>
                    <option
                      value="bbb"
                    >
                      bbb
                    </option>
                    <option
                      value="ccc"
                    >
                      ccc
                    </option>
                  </select>
                </div>
              </div>
            </div>
          </div>
        </div>
      </div>
    </div>
  </div>
  <div
    className="columns"
  >
    <div
      className="column"
    >
      <div
        className="field is-horizontal"
      >
        <div>
          <div
            className="field-label"
          >
            <label
              className="label"
            >
              d1 label
            </label>
          </div>
          ,
          <div
            className="field-body"
          >
            <div
              className="field"
            >
              <div
                className="control"
              >
                <textarea
                  className="textarea d1-css"
                  name="d1"
                  onChange={[Function]}
                  placeholder="d1 placeholder"
                  type="text"
                  value="hell world3"
                />
              </div>
            </div>
          </div>
        </div>
      </div>
    </div>
  </div>
  <div
    className="columns"
  >
    <div
      className="column"
    >
      <div
        className="field is-horizontal"
      >
        <div>
          <div
            className="field-label"
          >
            <label
              className="label"
            >
              e1 label
            </label>
          </div>
          ,
          <div
            className="field-body"
          >
            <div
              className="field"
            >
              <div
                className="control"
              >
                <label
                  className="radio"
                >
                  <input
                    className="e1-css"
                    name="e1"
                    onChange={[Function]}
                    type="radio"
                    value={true}
                  />
                  e1-1
                </label>
                <label
                  className="radio"
                >
                  <input
                    className="e1-css"
                    name="e1"
                    onChange={[Function]}
                    type="radio"
                    value={undefined}
                  />
                  e1-2
                </label>
                <label
                  className="radio"
                >
                  <input
                    className="e1-css"
                    name="e1"
                    onChange={[Function]}
                    type="radio"
                    value={undefined}
                  />
                  e1-3
                </label>
              </div>
            </div>
          </div>
        </div>
      </div>
    </div>
    <div
      className="column"
    >
      <div
        className="field is-horizontal"
      >
        <div>
          <div
            className="field-label"
          >
            <label
              className="label"
            >
              e2 label
            </label>
          </div>
          ,
          <div
            className="field-body"
          >
            <div
              className="field"
            >
              <div
                className="control"
              >
                <label
                  className="radio"
                >
                  <input
                    className="e2-css"
                    name="e2"
                    onChange={[Function]}
                    type="radio"
                    value={undefined}
                  />
                  e2-1
                </label>
                <label
                  className="radio"
                >
                  <input
                    className="e2-css"
                    name="e2"
                    onChange={[Function]}
                    type="radio"
                    value={true}
                  />
                  e2-2
                </label>
                <label
                  className="radio"
                >
                  <input
                    className="e2-css"
                    name="e2"
                    onChange={[Function]}
                    type="radio"
                    value={undefined}
                  />
                  e2-3
                </label>
              </div>
            </div>
          </div>
        </div>
      </div>
    </div>
  </div>
</form>
`;
